// Jest Snapshot v1, https://goo.gl/fbAQLP

exports[`Project should match snapshot 1`] = `
<Project>
  <styled.main
    styles="
    display: flex;
    flex-direction: column;
    flex: 1;
    overflow: hidden;
    padding: px;
    position: relative;
    margin: none;
    max-width: none;
    width: 100%;

    @media only screen and (max-width: theme.breakpoints.tabletPortraitpx) {
        flex-direction: column;
    }
"
    vertical={true}
  >
    <main
      className="sc-bdfBwQ ckObKr"
    >
      <Styled(styled.div)
        align="flex-end"
        color="client-primaryColor"
        data-test-id="hero"
        styles="
    display: flex;
    function (props) { return props.align && \\"align-items: \\" + props.align + \\";\\"; };
    function (props) { return props.direction && \\"flex-direction: \\" + props.direction + \\";\\"; };
    function (props) { return props.flex && \\"flex: \\" + props.flex + \\";\\"; };
    function (props) { return props.justify && \\"justify-content: \\" + props.justify + \\";\\"; };

    background: linear-gradient(client-primaryColorclient-primaryColor 80pxtransparent), url(project-hero-url?fm=webp&w=1500)
        center no-repeat;
    background-size: cover;
    flex-shrink: 0;
    height: 40vh;
    left: 0;
    position: absolute;
    right: 0;
    top: 0;

    + div {
        padding: 0px;
    }
"
        url="project-hero-url"
      >
        <div
          className="sc-gsTCUz sc-jSgupP chyNUC gkXrpf"
          color="client-primaryColor"
          data-test-id="hero"
        >
          <styled.div
            styles="
    height: 60px;
"
          >
            <div
              className="sc-crrsfI ehEtIz"
            />
          </styled.div>
        </div>
      </Styled(styled.div)>
      <Scroller
        onScroll={[Function]}
      >
        <styled.div
          styles="
    margin-top: 40vh;
    background-color: theme.colors.background;
"
        >
          <div
            className="sc-dlfnbm gdfifr"
          >
            <styled.div
              styles="
    margin: auto;
    max-width: 1200px;
    padding: 30px;
    z-index: 3;

    & > div:not(:last-child) {
        margin-bottom: 60px;
    }

    video {
        width: 100%;
    }
"
            >
              <div
                className="sc-gKsewC bWWaRy"
              >
                <styled.div
                  colGap={30}
                  cols={3}
                  styles="
    display: grid;
    grid-column-gap: 30px;
    grid-row-gap: px;
    grid-template-columns: repeat(3, minmax(0, 1fr));

    @media only screen and (max-width: theme.breakpoints.mobilepx) {
        grid-template-columns: auto;
    }
"
                >
                  <div
                    className="sc-eCssSg fDwTkw"
                    cols={3}
                  >
                    <styled.div
                      styles="
    align-self: flex-start;
    background-color: theme.colors.offset;
    padding: 30px;
"
                    >
                      <div
                        className="sc-iBPRYJ fvlZKw"
                      >
                        <h1>
                          project-name
                        </h1>
                        <Tags
                          tags={
                            Array [
                              Object {
                                "name": "tag-name",
                                "slug": "tag-slug",
                              },
                            ]
                          }
                        />
                      </div>
                    </styled.div>
                    <styled.div
                      styles="
    grid-column: 2 / 4;

    a {
        color: theme.colors.brand;
        text-decoration: underline;
    }

    p {
        &:first-of-type {
            margin-top: 0;
        }
        &:last-of-type {
            margin-bottom: 0;
        }
    }

    @media only screen and (max-width: theme.breakpoints.mobilepx) {
        grid-column: auto;
        margin-top: 30px;
    }
"
                    >
                      <div
                        className="sc-hKgILt hfaMQT"
                      >
                        <default>
                          project-description
                        </default>
                      </div>
                    </styled.div>
                  </div>
                </styled.div>
                <Carousel
                  color="client-primaryColor"
                  itemsToDisplay={2}
                  margin={30}
                  numberOfItems={1}
                >
                  <Image
                    key="0"
                    size={800}
                    src="project-gallery-0-url"
                    width="100%"
                  />
                </Carousel>
                <styled.div
                  colGap={30}
                  cols={3}
                  data-test-id="responsibilities"
                  rowGap={30}
                  styles="
    display: grid;
    grid-column-gap: 30px;
    grid-row-gap: 30px;
    grid-template-columns: repeat(3, minmax(0, 1fr));

    @media only screen and (max-width: theme.breakpoints.mobilepx) {
        grid-template-columns: auto;
    }
"
                >
                  <div
                    className="sc-eCssSg jdUAfz"
                    cols={3}
                    data-test-id="responsibilities"
                  >
                    <styled.div
                      data-test-id="responsibility"
                      key="responsibility-name"
                      styles="
    border-bottom: solid 2px theme.colors.brand;
    padding-bottom 15px;
    text-align: center;

    & > i {
        dispay: block;
    }

    h1 {
        text-align: center;
    }

    button {
        margin: auto;
    }
"
                    >
                      <div
                        className="sc-fubCfw JjOvC"
                        data-test-id="responsibility"
                      >
                        <Icon
                          color="client-primaryColor"
                          icon="responsibility-icon"
                          size={50}
                        />
                        <h1>
                          responsibility-name
                        </h1>
                        <HiddenText
                          lines={4}
                        >
                          responsibility-description
                        </HiddenText>
                      </div>
                    </styled.div>
                  </div>
                </styled.div>
              </div>
            </styled.div>
            <styled.p
              styles="
    margin: 30px;
"
            >
              <p
                className="sc-kEjbxe cyWVKX"
              >
                laebls.sameClientclient-name
              </p>
            </styled.p>
            <Styled(styled.div)
              styles="
    display: flex;
    function (props) { return props.align && \\"align-items: \\" + props.align + \\";\\"; };
    function (props) { return props.direction && \\"flex-direction: \\" + props.direction + \\";\\"; };
    function (props) { return props.flex && \\"flex: \\" + props.flex + \\";\\"; };
    function (props) { return props.justify && \\"justify-content: \\" + props.justify + \\";\\"; };

    @media only screen and (max-width: theme.breakpoints.tabletPortraitpx) {
        display: block;
    }
"
            >
              <div
                className="sc-gsTCUz sc-pFZIQ clQfFA bYkmA"
              >
                <styled.div
                  color="client-primaryColor"
                  key="project-slug"
                  styles="
    background: linear-gradient(90degclient-primaryColortransparent), url(project-hero-url?fm=webp&w=750);
    background-size: cover;
    flex: 1;
    height: 100px;
    line-height: 100px;
    overflow: hidden;
    padding: 0 30px;

    h1 {
        color: white;
        max-width: 85%;
        overflow: hidden;
        text-overflow: ellipsis;
        white-space: nowrap;
    }
"
                  url="project-hero-url"
                >
                  <div
                    className="sc-jrAGrp dstIzR"
                    color="client-primaryColor"
                  >
                    <Link
                      data-test-id="similar-project-slug"
                      to="/projects/project-slug"
                    >
                      <LinkAnchor
                        data-test-id="similar-project-slug"
                        href="/projects/project-slug"
                        navigate={[Function]}
                      >
                        <a
                          data-test-id="similar-project-slug"
                          href="/projects/project-slug"
                          onClick={[Function]}
                        >
                          <h1>
                            project-name
                          </h1>
                        </a>
                      </LinkAnchor>
                    </Link>
                  </div>
                </styled.div>
              </div>
            </Styled(styled.div)>
            <styled.p
              styles="
    margin: 30px;
"
            >
              <p
                className="sc-kEjbxe cyWVKX"
              >
                laebls.sameTagprimary-tag-name
              </p>
            </styled.p>
            <Styled(styled.div)
              styles="
    display: flex;
    function (props) { return props.align && \\"align-items: \\" + props.align + \\";\\"; };
    function (props) { return props.direction && \\"flex-direction: \\" + props.direction + \\";\\"; };
    function (props) { return props.flex && \\"flex: \\" + props.flex + \\";\\"; };
    function (props) { return props.justify && \\"justify-content: \\" + props.justify + \\";\\"; };

    @media only screen and (max-width: theme.breakpoints.tabletPortraitpx) {
        display: block;
    }
"
            >
              <div
                className="sc-gsTCUz sc-pFZIQ clQfFA bYkmA"
              >
                <styled.div
                  color="client-primaryColor"
                  key="project-slug"
                  styles="
    background: linear-gradient(90degclient-primaryColortransparent), url(project-hero-url?fm=webp&w=750);
    background-size: cover;
    flex: 1;
    height: 100px;
    line-height: 100px;
    overflow: hidden;
    padding: 0 30px;

    h1 {
        color: white;
        max-width: 85%;
        overflow: hidden;
        text-overflow: ellipsis;
        white-space: nowrap;
    }
"
                  url="project-hero-url"
                >
                  <div
                    className="sc-jrAGrp dstIzR"
                    color="client-primaryColor"
                  >
                    <Link
                      data-test-id="similar-project-slug"
                      to="/projects/project-slug"
                    >
                      <LinkAnchor
                        data-test-id="similar-project-slug"
                        href="/projects/project-slug"
                        navigate={[Function]}
                      >
                        <a
                          data-test-id="similar-project-slug"
                          href="/projects/project-slug"
                          onClick={[Function]}
                        >
                          <h1>
                            project-name
                          </h1>
                        </a>
                      </LinkAnchor>
                    </Link>
                  </div>
                </styled.div>
              </div>
            </Styled(styled.div)>
          </div>
        </styled.div>
      </Scroller>
    </main>
  </styled.main>
</Project>
`;
